../Core/Src/main.c:200:6:HAL_TIM_PeriodElapsedCallback	16	static
../Core/Src/main.c:212:6:HAL_ADC_ConvCpltCallback	16	static
../Core/Src/main.c:217:6:HAL_UART_RxCpltCallback	16	static
../Core/Src/main.c:225:6:ESP01DoCHPD	16	static
../Core/Src/main.c:229:5:ESP01WriteUSARTByte	16	static
../Core/Src/main.c:237:6:ESP01WriteByteToBufRX	16	static
../Core/Src/main.c:241:6:ESP01ChangeState	16	static
../Core/Src/main.c:260:6:DecodeCMD	32	static
../Core/Src/main.c:311:6:USBReceive	16	static
../Core/Src/main.c:316:6:Do10ms	8	static
../Core/Src/main.c:329:6:Do100ms	8	static
../Core/Src/main.c:374:6:Heartbeat	16	static
../Core/Src/main.c:388:5:main	8	static
../Core/Src/main.c:547:6:SystemClock_Config	88	static
../Core/Src/main.c:595:13:MX_ADC1_Init	24	static
../Core/Src/main.c:705:13:MX_I2C2_Init	8	static
../Core/Src/main.c:739:13:MX_TIM1_Init	32	static
../Core/Src/main.c:785:13:MX_TIM4_Init	64	static
../Core/Src/main.c:856:13:MX_USART1_UART_Init	8	static
../Core/Src/main.c:887:13:MX_DMA_Init	16	static
../Core/Src/main.c:911:13:MX_GPIO_Init	40	static
../Core/Src/main.c:961:6:Error_Handler	4	static,ignoring_inline_asm
