../Core/Src/main.c:178:6:HAL_TIM_PeriodElapsedCallback	16	static
../Core/Src/main.c:190:6:HAL_ADC_ConvCpltCallback	16	static
../Core/Src/main.c:195:6:HAL_UART_RxCpltCallback	16	static
../Core/Src/main.c:203:6:ESP01DoCHPD	16	static
../Core/Src/main.c:207:5:ESP01WriteUSARTByte	16	static
../Core/Src/main.c:215:6:ESP01WriteByteToBufRX	16	static
../Core/Src/main.c:219:6:ESP01ChangeState	16	static
../Core/Src/main.c:238:6:DecodeCMD	32	static
../Core/Src/main.c:289:6:USBReceive	16	static
../Core/Src/main.c:294:6:Do10ms	8	static
../Core/Src/main.c:305:6:Do100ms	8	static
../Core/Src/main.c:335:6:Heartbeat	16	static
../Core/Src/main.c:349:5:main	8	static
../Core/Src/main.c:489:6:SystemClock_Config	88	static
../Core/Src/main.c:537:13:MX_ADC1_Init	24	static
../Core/Src/main.c:647:13:MX_I2C2_Init	8	static
../Core/Src/main.c:681:13:MX_TIM1_Init	32	static
../Core/Src/main.c:727:13:MX_TIM4_Init	64	static
../Core/Src/main.c:798:13:MX_USART1_UART_Init	8	static
../Core/Src/main.c:829:13:MX_DMA_Init	16	static
../Core/Src/main.c:847:13:MX_GPIO_Init	40	static
../Core/Src/main.c:897:6:Error_Handler	4	static,ignoring_inline_asm
