../Core/Src/main.c:174:6:HAL_TIM_PeriodElapsedCallback	16	static
../Core/Src/main.c:186:6:HAL_ADC_ConvCpltCallback	16	static
../Core/Src/main.c:191:6:HAL_UART_RxCpltCallback	16	static
../Core/Src/main.c:199:6:ESP01DoCHPD	16	static
../Core/Src/main.c:203:5:ESP01WriteUSARTByte	16	static
../Core/Src/main.c:211:6:ESP01WriteByteToBufRX	16	static
../Core/Src/main.c:215:6:ESP01ChangeState	16	static
../Core/Src/main.c:232:6:DecodeCMD	24	static
../Core/Src/main.c:262:6:USBReceive	16	static
../Core/Src/main.c:267:6:Do10ms	8	static
../Core/Src/main.c:278:6:Do100ms	8	static
../Core/Src/main.c:307:6:Heartbeat	16	static
../Core/Src/main.c:320:5:main	8	static
../Core/Src/main.c:460:6:SystemClock_Config	88	static
../Core/Src/main.c:508:13:MX_ADC1_Init	24	static
../Core/Src/main.c:618:13:MX_I2C2_Init	8	static
../Core/Src/main.c:652:13:MX_TIM1_Init	32	static
../Core/Src/main.c:698:13:MX_TIM4_Init	64	static
../Core/Src/main.c:769:13:MX_USART1_UART_Init	8	static
../Core/Src/main.c:800:13:MX_DMA_Init	16	static
../Core/Src/main.c:818:13:MX_GPIO_Init	40	static
../Core/Src/main.c:868:6:Error_Handler	4	static,ignoring_inline_asm
