../Core/Src/main.c:98:6:heartbeat	16	static
../Core/Src/main.c:106:6:HAL_TIM_PeriodElapsedCallback	16	static
../Core/Src/main.c:113:6:HAL_UART_RxCpltCallback	16	static
../Core/Src/main.c:120:5:decode	16	static
../Core/Src/main.c:181:6:encode	40	static
../Core/Src/main.c:213:6:USBReceive	16	static
../Core/Src/main.c:223:5:main	8	static
../Core/Src/main.c:310:6:SystemClock_Config	88	static
../Core/Src/main.c:357:13:MX_TIM1_Init	32	static
../Core/Src/main.c:403:13:MX_USART1_UART_Init	8	static
../Core/Src/main.c:436:13:MX_GPIO_Init	40	static
../Core/Src/main.c:478:6:Error_Handler	4	static,ignoring_inline_asm
