../Core/Src/main.c:98:6:heartbeat	1
../Core/Src/main.c:106:6:HAL_TIM_PeriodElapsedCallback	3
../Core/Src/main.c:113:6:HAL_UART_RxCpltCallback	2
../Core/Src/main.c:120:5:decode	16
../Core/Src/main.c:181:6:encode	3
../Core/Src/main.c:213:6:USBReceive	1
../Core/Src/main.c:223:5:main	6
../Core/Src/main.c:310:6:SystemClock_Config	4
../Core/Src/main.c:357:13:MX_TIM1_Init	4
../Core/Src/main.c:403:13:MX_USART1_UART_Init	2
../Core/Src/main.c:436:13:MX_GPIO_Init	1
../Core/Src/main.c:478:6:Error_Handler	1
